// Jest Snapshot v1, https://goo.gl/fbAQLP

exports[`MovieCard should be showed and match snapshot 1`] = `
Object {
  "asFragment": [Function],
  "baseElement": <body>
    <div>
      <div
        class="card card-white max-w-sm m-5"
      >
        <img
          alt=""
          class="w-full rounded-t-sm"
          src="https://image.tmdb.org/t/p/w500/gW5MnkQ9zHtyVPzdDDHPEDCrZ57.jpg"
        />
        <div
          class="px-4 py-2 flex justify-between"
        >
          <div>
            <p
              class="font-light"
            >
              The Blackcoat's Daughter
            </p>
            <p
              class="font-light"
            />
          </div>
          <p
            class="border-2 border-movie-onyx p-1 font-light"
          >
            2015
          </p>
        </div>
      </div>
    </div>
  </body>,
  "container": <div>
    <div
      class="card card-white max-w-sm m-5"
    >
      <img
        alt=""
        class="w-full rounded-t-sm"
        src="https://image.tmdb.org/t/p/w500/gW5MnkQ9zHtyVPzdDDHPEDCrZ57.jpg"
      />
      <div
        class="px-4 py-2 flex justify-between"
      >
        <div>
          <p
            class="font-light"
          >
            The Blackcoat's Daughter
          </p>
          <p
            class="font-light"
          />
        </div>
        <p
          class="border-2 border-movie-onyx p-1 font-light"
        >
          2015
        </p>
      </div>
    </div>
  </div>,
  "debug": [Function],
  "findAllByAltText": [Function],
  "findAllByDisplayValue": [Function],
  "findAllByLabelText": [Function],
  "findAllByPlaceholderText": [Function],
  "findAllByRole": [Function],
  "findAllByTestId": [Function],
  "findAllByText": [Function],
  "findAllByTitle": [Function],
  "findByAltText": [Function],
  "findByDisplayValue": [Function],
  "findByLabelText": [Function],
  "findByPlaceholderText": [Function],
  "findByRole": [Function],
  "findByTestId": [Function],
  "findByText": [Function],
  "findByTitle": [Function],
  "getAllByAltText": [Function],
  "getAllByDisplayValue": [Function],
  "getAllByLabelText": [Function],
  "getAllByPlaceholderText": [Function],
  "getAllByRole": [Function],
  "getAllByTestId": [Function],
  "getAllByText": [Function],
  "getAllByTitle": [Function],
  "getByAltText": [Function],
  "getByDisplayValue": [Function],
  "getByLabelText": [Function],
  "getByPlaceholderText": [Function],
  "getByRole": [Function],
  "getByTestId": [Function],
  "getByText": [Function],
  "getByTitle": [Function],
  "queryAllByAltText": [Function],
  "queryAllByDisplayValue": [Function],
  "queryAllByLabelText": [Function],
  "queryAllByPlaceholderText": [Function],
  "queryAllByRole": [Function],
  "queryAllByTestId": [Function],
  "queryAllByText": [Function],
  "queryAllByTitle": [Function],
  "queryByAltText": [Function],
  "queryByDisplayValue": [Function],
  "queryByLabelText": [Function],
  "queryByPlaceholderText": [Function],
  "queryByRole": [Function],
  "queryByTestId": [Function],
  "queryByText": [Function],
  "queryByTitle": [Function],
  "rerender": [Function],
  "unmount": [Function],
}
`;
